Script started on Thu Feb  3 17:06:27 2022

The default interactive shell is now zsh.
To update your account to use zsh, please run `chsh -s /bin/zsh`.
For more details, please visit https://support.apple.com/kb/HT208050.
[?1034hbash-3.2$ git add practica1.py
bash-3.2$ python3 practica1.py
fin
hola 0
hola 0
hola 1
hola 1
hola 2
hola 2
hola 3
hola 4
hola 3
hola 4
bash-3.2$ git push
Enter passphrase for key '/Users/Lasjimenez/.ssh/id_rsa': 
Enumerating objects: 4, done.
Counting objects:  25% (1/4)Counting objects:  50% (2/4)Counting objects:  75% (3/4)Counting objects: 100% (4/4)Counting objects: 100% (4/4), done.
Delta compression using up to 4 threads
Compressing objects:  33% (1/3)Compressing objects:  66% (2/3)Compressing objects: 100% (3/3)Compressing objects: 100% (3/3), done.
Writing objects:  33% (1/3)Writing objects:  66% (2/3)Writing objects: 100% (3/3)Writing objects: 100% (3/3), 613 bytes | 613.00 KiB/s, done.
Total 3 (delta 0), reused 0 (delta 0)
To github.com:carlasanjose/carlsanjose.git
   53a59f7..06908cc  main -> main
bash-3.2$ add [K[K[K[Kgit add processo[K[Kos2.py
bash-3.2$ python3 procesos2.py
fin
hola soy ana 0 vuelta 0
hola soy ana 3 vuelta 0
hola soy ana 1 vuelta 0
hola soy ana 2 vuelta 0
hola soy ana 5 vuelta 0
hola soy ana 4 vuelta 0
hola soy ana 1 vuelta 1
hola soy ana 6 vuelta 0
hola soy ana 7 vuelta 0
hola soy ana 8 vuelta 0
adios
hola soy ana 9 vuelta 0
hola soy ana 6 vuelta 1
hola soy ana 5 vuelta 1
hola soy ana 2 vuelta 1
hola soy ana 8 vuelta 1
hola soy ana 9 vuelta 1
hola soy ana 6 vuelta 2
hola soy ana 4 vuelta 1
hola soy ana 0 vuelta 1
hola soy ana 7 vuelta 1
hola soy ana 2 vuelta 2
hola soy ana 0 vuelta 2
hola soy ana 8 vuelta 2
hola soy ana 3 vuelta 1
hola soy ana 7 vuelta 2
hola soy ana 1 vuelta 2
hola soy ana 9 vuelta 2
hola soy ana 5 vuelta 2
hola soy ana 3 vuelta 2
hola soy ana 4 vuelta 2
bash-3.2$ git push 
Enter passphrase for key '/Users/Lasjimenez/.ssh/id_rsa': 
Everything up-to-date
bash-3.2$ git push 
Enter passphrase for key '/Users/Lasjimenez/.ssh/id_rsa': 
Everything up-to-date
bash-3.2$ git add procesos2.py
bash-3.2$ python3 procesos2.py
fin
hola soy ana 1 vuelta 0
hola soy ana 0 vuelta 0
hola soy ana 2 vuelta 0
hola soy ana 3 vuelta 0
hola soy ana 4 vuelta 0
hola soy ana 6 vuelta 0
hola soy ana 9 vuelta 0
hola soy ana 8 vuelta 0
adios
hola soy ana 5 vuelta 0
hola soy ana 7 vuelta 0
hola soy ana 1 vuelta 1
hola soy ana 9 vuelta 1
hola soy ana 3 vuelta 1
hola soy ana 6 vuelta 1
hola soy ana 4 vuelta 1
hola soy ana 9 vuelta 2
hola soy ana 0 vuelta 1
hola soy ana 4 vuelta 2
hola soy ana 8 vuelta 1
hola soy ana 0 vuelta 2
hola soy ana 3 vuelta 2
hola soy ana 7 vuelta 1
hola soy ana 2 vuelta 1
hola soy ana 5 vuelta 1
hola soy ana 7 vuelta 2
hola soy ana 1 vuelta 2
hola soy ana 8 vuelta 2
hola soy ana 6 vuelta 2
hola soy ana 2 vuelta 2
hola soy ana 5 vuelta 2
bash-3.2$ git pusgh[K[Kh
Enter passphrase for key '/Users/Lasjimenez/.ssh/id_rsa': 
Everything up-to-date
bash-3.2$ git commit -m "procesos2"[K[K[K[K[K[K[K[K[K[K[K[K[K[K[K[K[K[K[K[K[Kstatus
On branch main
Your branch is up to date with 'origin/main'.

Changes to be committed:
  (use "git restore --staged <file>..." to unstage)
	[32mnew file:   procesos2.py[m

Untracked files:
  (use "git add <file>..." to include in what will be committed)
	[31mactividad7-carla-sanjose (2).py[m
	[31mmultiprocessing_02[m
	[31mprocesos3.py[m

bash-3.2$ gt[Kit commit -m "procesos2"
[main c22ab1c] procesos2
 Committer: Carla San Jose <Lasjimenez@MacBook-Pro-de-Carla.local>
Your name and email address were configured automatically based
on your username and hostname. Please check that they are accurate.
You can suppress this message by setting them explicitly. Run the
following command and follow the instructions in your editor to edit
your configuration file:

    git config --global --edit

After doing this, you may fix the identity used for this commit with:

    git commit --amend --reset-author

 1 file changed, 28 insertions(+)
 create mode 100644 procesos2.py
bash-3.2$ git push 
Enter passphrase for key '/Users/Lasjimenez/.ssh/id_rsa': 
Enumerating objects: 4, done.
Counting objects:  25% (1/4)Counting objects:  50% (2/4)Counting objects:  75% (3/4)Counting objects: 100% (4/4)Counting objects: 100% (4/4), done.
Delta compression using up to 4 threads
Compressing objects:  33% (1/3)Compressing objects:  66% (2/3)Compressing objects: 100% (3/3)Compressing objects: 100% (3/3), done.
Writing objects:  33% (1/3)Writing objects:  66% (2/3)Writing objects: 100% (3/3)Writing objects: 100% (3/3), 610 bytes | 610.00 KiB/s, done.
Total 3 (delta 1), reused 0 (delta 0)
remote: Resolving deltas:   0% (0/1)[Kremote: Resolving deltas: 100% (1/1)[Kremote: Resolving deltas: 100% (1/1), completed with 1 local object.[K
To github.com:carlasanjose/carlsanjose.git
   06908cc..c22ab1c  main -> main
bash-3.2$ cf[K[Knr[K[Kgit add procesos3.py
bash-3.2$ python3 procesos3.py
fin
hola soy ana_1, 22326, True, vuelta 0
adios
hola soy ana_2, 22327, True, vuelta 0
hola soy ana_0, 22325, True, vuelta 0
hola soy ana_1, 22326, True, vuelta 1
hola soy ana_1, 22326, True, vuelta 2
hola soy ana_1, 22326, True, vuelta 3
hola soy ana_0, 22325, True, vuelta 1
hola soy ana_2, 22327, True, vuelta 1
hola soy ana_0, 22325, True, vuelta 2
hola soy ana_2, 22327, True, vuelta 2
hola soy ana_1, 22326, True, vuelta 4
hola soy ana_0, 22325, True, vuelta 3
hola soy ana_2, 22327, True, vuelta 3
hola soy ana_0, 22325, True, vuelta 4
hola soy ana_2, 22327, True, vuelta 4
bash-3.2$ python3 procesos3.py[C[C[C[C[C[C[C[C[C[Cgit add[C[C[C[C[C[C[C[C[C[C[C[C[C[C[C[C[C[C[C[C[C[C[C[C[C[C[Cpush [Kcommit -m "procesos2"[1P"3"
[main 5d7b262] procesos3
 Committer: Carla San Jose <Lasjimenez@MacBook-Pro-de-Carla.local>
Your name and email address were configured automatically based
on your username and hostname. Please check that they are accurate.
You can suppress this message by setting them explicitly. Run the
following command and follow the instructions in your editor to edit
your configuration file:

    git config --global --edit

After doing this, you may fix the identity used for this commit with:

    git commit --amend --reset-author

 1 file changed, 31 insertions(+)
 create mode 100644 procesos3.py
bash-3.2$ git commit -m "procesos3"[C[C[C[C[C[C[C[C[C[C[5Ppython3 procesos3.py[C[C[C[C[C[C[C[C[C[Cgit add[C[C[C[C[C[C[C[C[C[C[C[C[C[C[C[C[C[C[C[C[C[C[C[C[C[C[Cpush [Kcommit -m "procesos2"[C[C[C[C[C[C[C[C[C[C[C[C[C[Cpush [K
Enter passphrase for key '/Users/Lasjimenez/.ssh/id_rsa': 
Enumerating objects: 4, done.
Counting objects:  25% (1/4)Counting objects:  50% (2/4)Counting objects:  75% (3/4)Counting objects: 100% (4/4)Counting objects: 100% (4/4), done.
Delta compression using up to 4 threads
Compressing objects:  33% (1/3)Compressing objects:  66% (2/3)Compressing objects: 100% (3/3)Compressing objects: 100% (3/3), done.
Writing objects:  33% (1/3)Writing objects:  66% (2/3)Writing objects: 100% (3/3)Writing objects: 100% (3/3), 659 bytes | 659.00 KiB/s, done.
Total 3 (delta 1), reused 0 (delta 0)
remote: Resolving deltas:   0% (0/1)[Kremote: Resolving deltas: 100% (1/1)[Kremote: Resolving deltas: 100% (1/1), completed with 1 local object.[K
To github.com:carlasanjose/carlsanjose.git
   c22ab1c..5d7b262  main -> main
bash-3.2$ git add procesos4.py
bash-3.2$ g[Kpython3 procesos4.py
Valor inicial del contador 0
Traceback (most recent call last):
  File "<string>", line 1, in <module>
  File "/Library/Frameworks/Python.framework/Versions/3.9/lib/python3.9/multiprocessing/spawn.py", line 116, in spawn_main
    exitcode = _main(fd, parent_sentinel)
  File "/Library/Frameworks/Python.framework/Versions/3.9/lib/python3.9/multiprocessing/spawn.py", line 126, in _main
    self = reduction.pickle.load(from_parent)
  File "/Library/Frameworks/Python.framework/Versions/3.9/lib/python3.9/multiprocessing/synchronize.py", line 110, in __setstate__
    self._semlock = _multiprocessing.SemLock._rebuild(*state)
FileNotFoundError: [Errno 2] No such file or directory
Traceback (most recent call last):
  File "<string>", line 1, in <module>
  File "/Library/Frameworks/Python.framework/Versions/3.9/lib/python3.9/multiprocessing/spawn.py", line 116, in spawn_main
    exitcode = _main(fd, parent_sentinel)
  File "/Library/Frameworks/Python.framework/Versions/3.9/lib/python3.9/multiprocessing/spawn.py", line 126, in _main
    self = reduction.pickle.load(from_parent)
  File "/Library/Frameworks/Python.framework/Versions/3.9/lib/python3.9/multiprocessing/synchronize.py", line 110, in __setstate__
    self._semlock = _multiprocessing.SemLock._rebuild(*state)
FileNotFoundError: [Errno 2] No such file or directory
Traceback (most recent call last):
  File "<string>", line 1, in <module>
  File "/Library/Frameworks/Python.framework/Versions/3.9/lib/python3.9/multiprocessing/spawn.py", line 116, in spawn_main
    exitcode = _main(fd, parent_sentinel)
  File "/Library/Frameworks/Python.framework/Versions/3.9/lib/python3.9/multiprocessing/spawn.py", line 126, in _main
    self = reduction.pickle.load(from_parent)
  File "/Library/Frameworks/Python.framework/Versions/3.9/lib/python3.9/multiprocessing/synchronize.py", line 110, in __setstate__
    self._semlock = _multiprocessing.SemLock._rebuild(*state)
FileNotFoundError: [Errno 2] No such file or directory
Traceback (most recent call last):
  File "<string>", line 1, in <module>
  File "/Library/Frameworks/Python.framework/Versions/3.9/lib/python3.9/multiprocessing/spawn.py", line 116, in spawn_main
    exitcode = _main(fd, parent_sentinel)
  File "/Library/Frameworks/Python.framework/Versions/3.9/lib/python3.9/multiprocessing/spawn.py", line 126, in _main
    self = reduction.pickle.load(from_parent)
  File "/Library/Frameworks/Python.framework/Versions/3.9/lib/python3.9/multiprocessing/synchronize.py", line 110, in __setstate__
    self._semlock = _multiprocessing.SemLock._rebuild(*state)
FileNotFoundError: [Errno 2] No such file or directory
Traceback (most recent call last):
  File "<string>", line 1, in <module>
  File "/Library/Frameworks/Python.framework/Versions/3.9/lib/python3.9/multiprocessing/spawn.py", line 116, in spawn_main
    exitcode = _main(fd, parent_sentinel)
  File "/Library/Frameworks/Python.framework/Versions/3.9/lib/python3.9/multiprocessing/spawn.py", line 126, in _main
    self = reduction.pickle.load(from_parent)
  File "/Library/Frameworks/Python.framework/Versions/3.9/lib/python3.9/multiprocessing/synchronize.py", line 110, in __setstate__
    self._semlock = _multiprocessing.SemLock._rebuild(*state)
FileNotFoundError: [Errno 2] No such file or directory
Traceback (most recent call last):
  File "<string>", line 1, in <module>
  File "/Library/Frameworks/Python.framework/Versions/3.9/lib/python3.9/multiprocessing/spawn.py", line 116, in spawn_main
    exitcode = _main(fd, parent_sentinel)
  File "/Library/Frameworks/Python.framework/Versions/3.9/lib/python3.9/multiprocessing/spawn.py", line 126, in _main
    self = reduction.pickle.load(from_parent)
  File "/Library/Frameworks/Python.framework/Versions/3.9/lib/python3.9/multiprocessing/synchronize.py", line 110, in __setstate__
    self._semlock = _multiprocessing.SemLock._rebuild(*state)
FileNotFoundError: [Errno 2] No such file or directory
Traceback (most recent call last):
  File "<string>", line 1, in <module>
  File "/Library/Frameworks/Python.framework/Versions/3.9/lib/python3.9/multiprocessing/spawn.py", line 116, in spawn_main
    exitcode = _main(fd, parent_sentinel)
  File "/Library/Frameworks/Python.framework/Versions/3.9/lib/python3.9/multiprocessing/spawn.py", line 126, in _main
    self = reduction.pickle.load(from_parent)
  File "/Library/Frameworks/Python.framework/Versions/3.9/lib/python3.9/multiprocessing/synchronize.py", line 110, in __setstate__
    self._semlock = _multiprocessing.SemLock._rebuild(*state)
FileNotFoundError: [Errno 2] No such file or directory
Traceback (most recent call last):
  File "<string>", line 1, in <module>
  File "/Library/Frameworks/Python.framework/Versions/3.9/lib/python3.9/multiprocessing/spawn.py", line 116, in spawn_main
    exitcode = _main(fd, parent_sentinel)
  File "/Library/Frameworks/Python.framework/Versions/3.9/lib/python3.9/multiprocessing/spawn.py", line 126, in _main
    self = reduction.pickle.load(from_parent)
  File "/Library/Frameworks/Python.framework/Versions/3.9/lib/python3.9/multiprocessing/synchronize.py", line 110, in __setstate__
    self._semlock = _multiprocessing.SemLock._rebuild(*state)
FileNotFoundError: [Errno 2] No such file or directory
bash-3.2$ python3 procesos4.py
Valor inicial del contador 0
Traceback (most recent call last):
  File "<string>", line 1, in <module>
  File "/Library/Frameworks/Python.framework/Versions/3.9/lib/python3.9/multiprocessing/spawn.py", line 116, in spawn_main
    exitcode = _main(fd, parent_sentinel)
  File "/Library/Frameworks/Python.framework/Versions/3.9/lib/python3.9/multiprocessing/spawn.py", line 126, in _main
    self = reduction.pickle.load(from_parent)
  File "/Library/Frameworks/Python.framework/Versions/3.9/lib/python3.9/multiprocessing/synchronize.py", line 110, in __setstate__
    self._semlock = _multiprocessing.SemLock._rebuild(*state)
FileNotFoundError: [Errno 2] No such file or directory
Traceback (most recent call last):
  File "<string>", line 1, in <module>
  File "/Library/Frameworks/Python.framework/Versions/3.9/lib/python3.9/multiprocessing/spawn.py", line 116, in spawn_main
    exitcode = _main(fd, parent_sentinel)
  File "/Library/Frameworks/Python.framework/Versions/3.9/lib/python3.9/multiprocessing/spawn.py", line 126, in _main
    self = reduction.pickle.load(from_parent)
  File "/Library/Frameworks/Python.framework/Versions/3.9/lib/python3.9/multiprocessing/synchronize.py", line 110, in __setstate__
    self._semlock = _multiprocessing.SemLock._rebuild(*state)
FileNotFoundError: [Errno 2] No such file or directory
Traceback (most recent call last):
  File "<string>", line 1, in <module>
  File "/Library/Frameworks/Python.framework/Versions/3.9/lib/python3.9/multiprocessing/spawn.py", line 116, in spawn_main
    exitcode = _main(fd, parent_sentinel)
  File "/Library/Frameworks/Python.framework/Versions/3.9/lib/python3.9/multiprocessing/spawn.py", line 126, in _main
    self = reduction.pickle.load(from_parent)
  File "/Library/Frameworks/Python.framework/Versions/3.9/lib/python3.9/multiprocessing/synchronize.py", line 110, in __setstate__
    self._semlock = _multiprocessing.SemLock._rebuild(*state)
FileNotFoundError: [Errno 2] No such file or directory
Traceback (most recent call last):
  File "<string>", line 1, in <module>
  File "/Library/Frameworks/Python.framework/Versions/3.9/lib/python3.9/multiprocessing/spawn.py", line 116, in spawn_main
    exitcode = _main(fd, parent_sentinel)
  File "/Library/Frameworks/Python.framework/Versions/3.9/lib/python3.9/multiprocessing/spawn.py", line 126, in _main
    self = reduction.pickle.load(from_parent)
  File "/Library/Frameworks/Python.framework/Versions/3.9/lib/python3.9/multiprocessing/synchronize.py", line 110, in __setstate__
    self._semlock = _multiprocessing.SemLock._rebuild(*state)
FileNotFoundError: [Errno 2] No such file or directory
Traceback (most recent call last):
Traceback (most recent call last):
  File "<string>", line 1, in <module>
  File "/Library/Frameworks/Python.framework/Versions/3.9/lib/python3.9/multiprocessing/spawn.py", line 116, in spawn_main
  File "<string>", line 1, in <module>
  File "/Library/Frameworks/Python.framework/Versions/3.9/lib/python3.9/multiprocessing/spawn.py", line 116, in spawn_main
    exitcode = _main(fd, parent_sentinel)
  File "/Library/Frameworks/Python.framework/Versions/3.9/lib/python3.9/multiprocessing/spawn.py", line 126, in _main
    exitcode = _main(fd, parent_sentinel)
  File "/Library/Frameworks/Python.framework/Versions/3.9/lib/python3.9/multiprocessing/spawn.py", line 126, in _main
    self = reduction.pickle.load(from_parent)
  File "/Library/Frameworks/Python.framework/Versions/3.9/lib/python3.9/multiprocessing/synchronize.py", line 110, in __setstate__
    self._semlock = _multiprocessing.SemLock._rebuild(*state)
FileNotFoundError: [Errno 2] No such file or directory
    self = reduction.pickle.load(from_parent)
  File "/Library/Frameworks/Python.framework/Versions/3.9/lib/python3.9/multiprocessing/synchronize.py", line 110, in __setstate__
    self._semlock = _multiprocessing.SemLock._rebuild(*state)
FileNotFoundError: [Errno 2] No such file or directory
Traceback (most recent call last):
  File "<string>", line 1, in <module>
  File "/Library/Frameworks/Python.framework/Versions/3.9/lib/python3.9/multiprocessing/spawn.py", line 116, in spawn_main
    exitcode = _main(fd, parent_sentinel)
  File "/Library/Frameworks/Python.framework/Versions/3.9/lib/python3.9/multiprocessing/spawn.py", line 126, in _main
    self = reduction.pickle.load(from_parent)
  File "/Library/Frameworks/Python.framework/Versions/3.9/lib/python3.9/multiprocessing/synchronize.py", line 110, in __setstate__
    self._semlock = _multiprocessing.SemLock._rebuild(*state)
FileNotFoundError: [Errno 2] No such file or directory
Traceback (most recent call last):
  File "<string>", line 1, in <module>
  File "/Library/Frameworks/Python.framework/Versions/3.9/lib/python3.9/multiprocessing/spawn.py", line 116, in spawn_main
    exitcode = _main(fd, parent_sentinel)
  File "/Library/Frameworks/Python.framework/Versions/3.9/lib/python3.9/multiprocessing/spawn.py", line 126, in _main
    self = reduction.pickle.load(from_parent)
  File "/Library/Frameworks/Python.framework/Versions/3.9/lib/python3.9/multiprocessing/synchronize.py", line 110, in __setstate__
    self._semlock = _multiprocessing.SemLock._rebuild(*state)
FileNotFoundError: [Errno 2] No such file or directory
bash-3.2$ python [K3 procesos4.py
Valor inicial del contador 0
Traceback (most recent call last):
  File "<string>", line 1, in <module>
  File "/Library/Frameworks/Python.framework/Versions/3.9/lib/python3.9/multiprocessing/spawn.py", line 116, in spawn_main
    exitcode = _main(fd, parent_sentinel)
  File "/Library/Frameworks/Python.framework/Versions/3.9/lib/python3.9/multiprocessing/spawn.py", line 126, in _main
    self = reduction.pickle.load(from_parent)
  File "/Library/Frameworks/Python.framework/Versions/3.9/lib/python3.9/multiprocessing/synchronize.py", line 110, in __setstate__
    self._semlock = _multiprocessing.SemLock._rebuild(*state)
FileNotFoundError: [Errno 2] No such file or directory
Traceback (most recent call last):
  File "<string>", line 1, in <module>
  File "/Library/Frameworks/Python.framework/Versions/3.9/lib/python3.9/multiprocessing/spawn.py", line 116, in spawn_main
Traceback (most recent call last):
  File "<string>", line 1, in <module>
  File "/Library/Frameworks/Python.framework/Versions/3.9/lib/python3.9/multiprocessing/spawn.py", line 116, in spawn_main
    exitcode = _main(fd, parent_sentinel)
  File "/Library/Frameworks/Python.framework/Versions/3.9/lib/python3.9/multiprocessing/spawn.py", line 126, in _main
    self = reduction.pickle.load(from_parent)
  File "/Library/Frameworks/Python.framework/Versions/3.9/lib/python3.9/multiprocessing/synchronize.py", line 110, in __setstate__
    self._semlock = _multiprocessing.SemLock._rebuild(*state)
FileNotFoundError: [Errno 2] No such file or directory
    exitcode = _main(fd, parent_sentinel)
  File "/Library/Frameworks/Python.framework/Versions/3.9/lib/python3.9/multiprocessing/spawn.py", line 126, in _main
    self = reduction.pickle.load(from_parent)
  File "/Library/Frameworks/Python.framework/Versions/3.9/lib/python3.9/multiprocessing/synchronize.py", line 110, in __setstate__
    self._semlock = _multiprocessing.SemLock._rebuild(*state)
FileNotFoundError: [Errno 2] No such file or directory
Traceback (most recent call last):
  File "<string>", line 1, in <module>
  File "/Library/Frameworks/Python.framework/Versions/3.9/lib/python3.9/multiprocessing/spawn.py", line 116, in spawn_main
    exitcode = _main(fd, parent_sentinel)
  File "/Library/Frameworks/Python.framework/Versions/3.9/lib/python3.9/multiprocessing/spawn.py", line 126, in _main
    self = reduction.pickle.load(from_parent)
  File "/Library/Frameworks/Python.framework/Versions/3.9/lib/python3.9/multiprocessing/synchronize.py", line 110, in __setstate__
    self._semlock = _multiprocessing.SemLock._rebuild(*state)
FileNotFoundError: [Errno 2] No such file or directory
Traceback (most recent call last):
  File "<string>", line 1, in <module>
  File "/Library/Frameworks/Python.framework/Versions/3.9/lib/python3.9/multiprocessing/spawn.py", line 116, in spawn_main
    exitcode = _main(fd, parent_sentinel)
  File "/Library/Frameworks/Python.framework/Versions/3.9/lib/python3.9/multiprocessing/spawn.py", line 126, in _main
    self = reduction.pickle.load(from_parent)
  File "/Library/Frameworks/Python.framework/Versions/3.9/lib/python3.9/multiprocessing/synchronize.py", line 110, in __setstate__
    self._semlock = _multiprocessing.SemLock._rebuild(*state)
FileNotFoundError: [Errno 2] No such file or directory
Traceback (most recent call last):
  File "<string>", line 1, in <module>
  File "/Library/Frameworks/Python.framework/Versions/3.9/lib/python3.9/multiprocessing/spawn.py", line 116, in spawn_main
    exitcode = _main(fd, parent_sentinel)
  File "/Library/Frameworks/Python.framework/Versions/3.9/lib/python3.9/multiprocessing/spawn.py", line 126, in _main
    self = reduction.pickle.load(from_parent)
  File "/Library/Frameworks/Python.framework/Versions/3.9/lib/python3.9/multiprocessing/synchronize.py", line 110, in __setstate__
    self._semlock = _multiprocessing.SemLock._rebuild(*state)
FileNotFoundError: [Errno 2] No such file or directory
Traceback (most recent call last):
  File "<string>", line 1, in <module>
  File "/Library/Frameworks/Python.framework/Versions/3.9/lib/python3.9/multiprocessing/spawn.py", line 116, in spawn_main
Traceback (most recent call last):
  File "<string>", line 1, in <module>
    exitcode = _main(fd, parent_sentinel)
  File "/Library/Frameworks/Python.framework/Versions/3.9/lib/python3.9/multiprocessing/spawn.py", line 126, in _main
  File "/Library/Frameworks/Python.framework/Versions/3.9/lib/python3.9/multiprocessing/spawn.py", line 116, in spawn_main
    self = reduction.pickle.load(from_parent)
  File "/Library/Frameworks/Python.framework/Versions/3.9/lib/python3.9/multiprocessing/synchronize.py", line 110, in __setstate__
    exitcode = _main(fd, parent_sentinel)
  File "/Library/Frameworks/Python.framework/Versions/3.9/lib/python3.9/multiprocessing/spawn.py", line 126, in _main
    self._semlock = _multiprocessing.SemLock._rebuild(*state)
FileNotFoundError: [Errno 2] No such file or directory
    self = reduction.pickle.load(from_parent)
  File "/Library/Frameworks/Python.framework/Versions/3.9/lib/python3.9/multiprocessing/synchronize.py", line 110, in __setstate__
    self._semlock = _multiprocessing.SemLock._rebuild(*state)
FileNotFoundError: [Errno 2] No such file or directory
bash-3.2$ pty[K[Kythohn[K[Kn3 procesos2.py
fin
hola soy ana 0 vuelta 0
hola soy ana 1 vuelta 0
hola soy ana 2 vuelta 0
hola soy ana 3 vuelta 0
hola soy ana 6 vuelta 0
hola soy ana 4 vuelta 0
hola soy ana 5 vuelta 0
hola soy ana 7 vuelta 0
hola soy ana 9 vuelta 0
hola soy ana 8 vuelta 0
adios
hola soy ana 3 vuelta 1
hola soy ana 9 vuelta 1
hola soy ana 0 vuelta 1
hola soy ana 2 vuelta 1
hola soy ana 2 vuelta 2
hola soy ana 4 vuelta 1
hola soy ana 0 vuelta 2
hola soy ana 8 vuelta 1
hola soy ana 3 vuelta 2
hola soy ana 1 vuelta 1
hola soy ana 1 vuelta 2
hola soy ana 5 vuelta 1
hola soy ana 7 vuelta 1
hola soy ana 4 vuelta 2
hola soy ana 6 vuelta 1
hola soy ana 9 vuelta 2
hola soy ana 5 vuelta 2
hola soy ana 7 vuelta 2
hola soy ana 6 vuelta 2
hola soy ana 8 vuelta 2
bash-3.2$ python3 procesos3.py
fin
hola soy ana_0, 22655, True, vuelta 0
hola soy ana_1, 22656, True, vuelta 0
hola soy ana_2, 22657, True, vuelta 0
adios
hola soy ana_0, 22655, True, vuelta 1
hola soy ana_1, 22656, True, vuelta 1
hola soy ana_2, 22657, True, vuelta 1
hola soy ana_1, 22656, True, vuelta 2
hola soy ana_0, 22655, True, vuelta 2
hola soy ana_1, 22656, True, vuelta 3
hola soy ana_0, 22655, True, vuelta 3
hola soy ana_0, 22655, True, vuelta 4
hola soy ana_2, 22657, True, vuelta 2
hola soy ana_1, 22656, True, vuelta 4
hola soy ana_2, 22657, True, vuelta 3
hola soy ana_2, 22657, True, vuelta 4
bash-3.2$ python3 [K[K[K[K[K[K[K[Kadd procesos4.og[K[Kpy[1@g[1@i[1@t[1@ 
bash-3.2$ git add procesos4.py[C[C[C[C[C[C[C[C[C[Cpython3 procesos3.py2.py4.py
Valor inicial del contador 0
Traceback (most recent call last):
  File "<string>", line 1, in <module>
Traceback (most recent call last):
  File "<string>", line 1, in <module>
  File "/Library/Frameworks/Python.framework/Versions/3.9/lib/python3.9/multiprocessing/spawn.py", line 116, in spawn_main
    exitcode = _main(fd, parent_sentinel)
  File "/Library/Frameworks/Python.framework/Versions/3.9/lib/python3.9/multiprocessing/spawn.py", line 126, in _main
    self = reduction.pickle.load(from_parent)
  File "/Library/Frameworks/Python.framework/Versions/3.9/lib/python3.9/multiprocessing/synchronize.py", line 110, in __setstate__
    self._semlock = _multiprocessing.SemLock._rebuild(*state)
FileNotFoundError: [Errno 2] No such file or directory
  File "/Library/Frameworks/Python.framework/Versions/3.9/lib/python3.9/multiprocessing/spawn.py", line 116, in spawn_main
    exitcode = _main(fd, parent_sentinel)
  File "/Library/Frameworks/Python.framework/Versions/3.9/lib/python3.9/multiprocessing/spawn.py", line 126, in _main
    self = reduction.pickle.load(from_parent)
  File "/Library/Frameworks/Python.framework/Versions/3.9/lib/python3.9/multiprocessing/synchronize.py", line 110, in __setstate__
    self._semlock = _multiprocessing.SemLock._rebuild(*state)
FileNotFoundError: [Errno 2] No such file or directory
Traceback (most recent call last):
  File "<string>", line 1, in <module>
  File "/Library/Frameworks/Python.framework/Versions/3.9/lib/python3.9/multiprocessing/spawn.py", line 116, in spawn_main
    exitcode = _main(fd, parent_sentinel)
  File "/Library/Frameworks/Python.framework/Versions/3.9/lib/python3.9/multiprocessing/spawn.py", line 126, in _main
    self = reduction.pickle.load(from_parent)
  File "/Library/Frameworks/Python.framework/Versions/3.9/lib/python3.9/multiprocessing/synchronize.py", line 110, in __setstate__
    self._semlock = _multiprocessing.SemLock._rebuild(*state)
FileNotFoundError: [Errno 2] No such file or directory
Traceback (most recent call last):
  File "<string>", line 1, in <module>
  File "/Library/Frameworks/Python.framework/Versions/3.9/lib/python3.9/multiprocessing/spawn.py", line 116, in spawn_main
    exitcode = _main(fd, parent_sentinel)
  File "/Library/Frameworks/Python.framework/Versions/3.9/lib/python3.9/multiprocessing/spawn.py", line 126, in _main
    self = reduction.pickle.load(from_parent)
  File "/Library/Frameworks/Python.framework/Versions/3.9/lib/python3.9/multiprocessing/synchronize.py", line 110, in __setstate__
    self._semlock = _multiprocessing.SemLock._rebuild(*state)
FileNotFoundError: [Errno 2] No such file or directory
Traceback (most recent call last):
  File "<string>", line 1, in <module>
  File "/Library/Frameworks/Python.framework/Versions/3.9/lib/python3.9/multiprocessing/spawn.py", line 116, in spawn_main
    exitcode = _main(fd, parent_sentinel)
  File "/Library/Frameworks/Python.framework/Versions/3.9/lib/python3.9/multiprocessing/spawn.py", line 126, in _main
    self = reduction.pickle.load(from_parent)
  File "/Library/Frameworks/Python.framework/Versions/3.9/lib/python3.9/multiprocessing/synchronize.py", line 110, in __setstate__
    self._semlock = _multiprocessing.SemLock._rebuild(*state)
FileNotFoundError: [Errno 2] No such file or directory
Traceback (most recent call last):
  File "<string>", line 1, in <module>
  File "/Library/Frameworks/Python.framework/Versions/3.9/lib/python3.9/multiprocessing/spawn.py", line 116, in spawn_main
    exitcode = _main(fd, parent_sentinel)
  File "/Library/Frameworks/Python.framework/Versions/3.9/lib/python3.9/multiprocessing/spawn.py", line 126, in _main
    self = reduction.pickle.load(from_parent)
  File "/Library/Frameworks/Python.framework/Versions/3.9/lib/python3.9/multiprocessing/synchronize.py", line 110, in __setstate__
    self._semlock = _multiprocessing.SemLock._rebuild(*state)
FileNotFoundError: [Errno 2] No such file or directory
Traceback (most recent call last):
  File "<string>", line 1, in <module>
  File "/Library/Frameworks/Python.framework/Versions/3.9/lib/python3.9/multiprocessing/spawn.py", line 116, in spawn_main
    exitcode = _main(fd, parent_sentinel)
  File "/Library/Frameworks/Python.framework/Versions/3.9/lib/python3.9/multiprocessing/spawn.py", line 126, in _main
    self = reduction.pickle.load(from_parent)
  File "/Library/Frameworks/Python.framework/Versions/3.9/lib/python3.9/multiprocessing/synchronize.py", line 110, in __setstate__
    self._semlock = _multiprocessing.SemLock._rebuild(*state)
FileNotFoundError: [Errno 2] No such file or directory
Traceback (most recent call last):
  File "<string>", line 1, in <module>
  File "/Library/Frameworks/Python.framework/Versions/3.9/lib/python3.9/multiprocessing/spawn.py", line 116, in spawn_main
    exitcode = _main(fd, parent_sentinel)
  File "/Library/Frameworks/Python.framework/Versions/3.9/lib/python3.9/multiprocessing/spawn.py", line 126, in _main
    self = reduction.pickle.load(from_parent)
  File "/Library/Frameworks/Python.framework/Versions/3.9/lib/python3.9/multiprocessing/synchronize.py", line 110, in __setstate__
    self._semlock = _multiprocessing.SemLock._rebuild(*state)
FileNotFoundError: [Errno 2] No such file or directory
bash-3.2$ ad [Kd[K[K[Kgir[Kt add rp[K[Kprocesos4.py
bash-3.2$ git add procesos4.py[C[C[C[C[C[C[C[C[C[Cpython3[C[C[C[C[C[C[C[C[C[C[C[C[C[C[C[C[C[C[C[C[C[C[Cgit add[C[C[C[C[C[C[C[C[C[C[C[C[C[C[C[C[C[C[C[C[C[C[Cpython3[C[C[C[C[C[C[C[C[C[C[C[C[C[C[C[C[C[C[C[C[C[C[Cgit add[C[C[C[C[C[C[C[C[C[C[C[C[C[C[C[C[C[C[C[C[C[C[Cpython3 procesos3.py[C[C[C[C[C[C[C[C[C[Cgit add procesos4.py[C[C[C[C[C[C[C[C[C[Cpython3[C[C[C[C[C[C[C[C[C[C[C[C[C
Valor inicial del contador 0
Traceback (most recent call last):
  File "<string>", line 1, in <module>
  File "/Library/Frameworks/Python.framework/Versions/3.9/lib/python3.9/multiprocessing/spawn.py", line 116, in spawn_main
Traceback (most recent call last):
  File "<string>", line 1, in <module>
  File "/Library/Frameworks/Python.framework/Versions/3.9/lib/python3.9/multiprocessing/spawn.py", line 116, in spawn_main
    exitcode = _main(fd, parent_sentinel)
    exitcode = _main(fd, parent_sentinel)
  File "/Library/Frameworks/Python.framework/Versions/3.9/lib/python3.9/multiprocessing/spawn.py", line 126, in _main
  File "/Library/Frameworks/Python.framework/Versions/3.9/lib/python3.9/multiprocessing/spawn.py", line 126, in _main
    self = reduction.pickle.load(from_parent)
  File "/Library/Frameworks/Python.framework/Versions/3.9/lib/python3.9/multiprocessing/synchronize.py", line 110, in __setstate__
    self._semlock = _multiprocessing.SemLock._rebuild(*state)
FileNotFoundError: [Errno 2] No such file or directory
    self = reduction.pickle.load(from_parent)
  File "/Library/Frameworks/Python.framework/Versions/3.9/lib/python3.9/multiprocessing/synchronize.py", line 110, in __setstate__
    self._semlock = _multiprocessing.SemLock._rebuild(*state)
FileNotFoundError: [Errno 2] No such file or directory
Traceback (most recent call last):
  File "<string>", line 1, in <module>
  File "/Library/Frameworks/Python.framework/Versions/3.9/lib/python3.9/multiprocessing/spawn.py", line 116, in spawn_main
    exitcode = _main(fd, parent_sentinel)
  File "/Library/Frameworks/Python.framework/Versions/3.9/lib/python3.9/multiprocessing/spawn.py", line 126, in _main
    self = reduction.pickle.load(from_parent)
  File "/Library/Frameworks/Python.framework/Versions/3.9/lib/python3.9/multiprocessing/synchronize.py", line 110, in __setstate__
    self._semlock = _multiprocessing.SemLock._rebuild(*state)
FileNotFoundError: [Errno 2] No such file or directory
Traceback (most recent call last):
  File "<string>", line 1, in <module>
  File "/Library/Frameworks/Python.framework/Versions/3.9/lib/python3.9/multiprocessing/spawn.py", line 116, in spawn_main
Traceback (most recent call last):
  File "<string>", line 1, in <module>
  File "/Library/Frameworks/Python.framework/Versions/3.9/lib/python3.9/multiprocessing/spawn.py", line 116, in spawn_main
    exitcode = _main(fd, parent_sentinel)
  File "/Library/Frameworks/Python.framework/Versions/3.9/lib/python3.9/multiprocessing/spawn.py", line 126, in _main
    self = reduction.pickle.load(from_parent)
  File "/Library/Frameworks/Python.framework/Versions/3.9/lib/python3.9/multiprocessing/synchronize.py", line 110, in __setstate__
    self._semlock = _multiprocessing.SemLock._rebuild(*state)
    exitcode = _main(fd, parent_sentinel)
  File "/Library/Frameworks/Python.framework/Versions/3.9/lib/python3.9/multiprocessing/spawn.py", line 126, in _main
    self = reduction.pickle.load(from_parent)
  File "/Library/Frameworks/Python.framework/Versions/3.9/lib/python3.9/multiprocessing/synchronize.py", line 110, in __setstate__
    self._semlock = _multiprocessing.SemLock._rebuild(*state)
FileNotFoundError: [Errno 2] No such file or directory
FileNotFoundError: [Errno 2] No such file or directory
Traceback (most recent call last):
  File "<string>", line 1, in <module>
  File "/Library/Frameworks/Python.framework/Versions/3.9/lib/python3.9/multiprocessing/spawn.py", line 116, in spawn_main
    exitcode = _main(fd, parent_sentinel)
  File "/Library/Frameworks/Python.framework/Versions/3.9/lib/python3.9/multiprocessing/spawn.py", line 126, in _main
    self = reduction.pickle.load(from_parent)
  File "/Library/Frameworks/Python.framework/Versions/3.9/lib/python3.9/multiprocessing/synchronize.py", line 110, in __setstate__
    self._semlock = _multiprocessing.SemLock._rebuild(*state)
FileNotFoundError: [Errno 2] No such file or directory
Traceback (most recent call last):
  File "<string>", line 1, in <module>
Traceback (most recent call last):
  File "<string>", line 1, in <module>
  File "/Library/Frameworks/Python.framework/Versions/3.9/lib/python3.9/multiprocessing/spawn.py", line 116, in spawn_main
  File "/Library/Frameworks/Python.framework/Versions/3.9/lib/python3.9/multiprocessing/spawn.py", line 116, in spawn_main
    exitcode = _main(fd, parent_sentinel)
  File "/Library/Frameworks/Python.framework/Versions/3.9/lib/python3.9/multiprocessing/spawn.py", line 126, in _main
    exitcode = _main(fd, parent_sentinel)
  File "/Library/Frameworks/Python.framework/Versions/3.9/lib/python3.9/multiprocessing/spawn.py", line 126, in _main
    self = reduction.pickle.load(from_parent)
    self = reduction.pickle.load(from_parent)
  File "/Library/Frameworks/Python.framework/Versions/3.9/lib/python3.9/multiprocessing/synchronize.py", line 110, in __setstate__
  File "/Library/Frameworks/Python.framework/Versions/3.9/lib/python3.9/multiprocessing/synchronize.py", line 110, in __setstate__
    self._semlock = _multiprocessing.SemLock._rebuild(*state)
FileNotFoundError: [Errno 2] No such file or directory
    self._semlock = _multiprocessing.SemLock._rebuild(*state)
FileNotFoundError: [Errno 2] No such file or directory
bash-3.2$ git add prco[K[Kocesos5.oy[K[Kpy
bash-3.2$ python3 procesos5.py
Valor inicial del contador 0
hola soy 22997, vuelta: 0, contador: 1
hola soy 22997, vuelta: 1, contador: 2
hola soy 22997, vuelta: 2, contador: 3
hola soy 22997, vuelta: 3, contador: 4
hola soy 22997, vuelta: 4, contador: 5
hola soy 22997, vuelta: 5, contador: 6
hola soy 22997, vuelta: 6, contador: 7
hola soy 22997, vuelta: 7, contador: 8
hola soy 22997, vuelta: 8, contador: 9
hola soy 22997, vuelta: 9, contador: 10
hola soy 22997, vuelta: 10, contador: 11
hola soy 22997, vuelta: 11, contador: 12
hola soy 22997, vuelta: 12, contador: 13
hola soy 22997, vuelta: 13, contador: 14
hola soy 22997, vuelta: 14, contador: 15
hola soy 22997, vuelta: 15, contador: 16
hola soy 22997, vuelta: 16, contador: 17
hola soy 22997, vuelta: 17, contador: 18
hola soy 22997, vuelta: 18, contador: 19
hola soy 22997, vuelta: 19, contador: 20
hola soy 22997, vuelta: 20, contador: 21
hola soy 22997, vuelta: 21, contador: 22
hola soy 22997, vuelta: 22, contador: 23
hola soy 22997, vuelta: 23, contador: 24
hola soy 22997, vuelta: 24, contador: 25
hola soy 22997, vuelta: 25, contador: 26
hola soy 22997, vuelta: 26, contador: 27
hola soy 22997, vuelta: 27, contador: 28
hola soy 22997, vuelta: 28, contador: 29
hola soy 22997, vuelta: 29, contador: 30
hola soy 22997, vuelta: 30, contador: 31
hola soy 22997, vuelta: 31, contador: 32
hola soy 22997, vuelta: 32, contador: 33
hola soy 22997, vuelta: 33, contador: 34
hola soy 22997, vuelta: 34, contador: 35
hola soy 22997, vuelta: 35, contador: 36
hola soy 22997, vuelta: 36, contador: 37
hola soy 22997, vuelta: 37, contador: 38
hola soy 22997, vuelta: 38, contador: 39
hola soy 22997, vuelta: 39, contador: 40
hola soy 22997, vuelta: 40, contador: 41
hola soy 22997, vuelta: 41, contador: 42
hola soy 22997, vuelta: 42, contador: 43
hola soy 22997, vuelta: 43, contador: 44
hola soy 22997, vuelta: 44, contador: 45
hola soy 22997, vuelta: 45, contador: 46
hola soy 22997, vuelta: 46, contador: 47
hola soy 22997, vuelta: 47, contador: 48
hola soy 22997, vuelta: 48, contador: 49
hola soy 22997, vuelta: 49, contador: 50
hola soy 22997, vuelta: 50, contador: 51
hola soy 22997, vuelta: 51, contador: 52
hola soy 22997, vuelta: 52, contador: 53
hola soy 22997, vuelta: 53, contador: 54
hola soy 22997, vuelta: 54, contador: 55
hola soy 22997, vuelta: 55, contador: 56
hola soy 22997, vuelta: 56, contador: 57
hola soy 22997, vuelta: 57, contador: 58
hola soy 22997, vuelta: 58, contador: 59
hola soy 22997, vuelta: 59, contador: 60
hola soy 22997, vuelta: 60, contador: 61
hola soy 22997, vuelta: 61, contador: 62
hola soy 22997, vuelta: 62, contador: 63
hola soy 22997, vuelta: 63, contador: 64
hola soy 22997, vuelta: 64, contador: 65
hola soy 22997, vuelta: 65, contador: 66
hola soy 22997, vuelta: 66, contador: 67
hola soy 22997, vuelta: 67, contador: 68
hola soy 22997, vuelta: 68, contador: 69
hola soy 22997, vuelta: 69, contador: 70
hola soy 22997, vuelta: 70, contador: 71
hola soy 22997, vuelta: 71, contador: 72
hola soy 22997, vuelta: 72, contador: 73
hola soy 22997, vuelta: 73, contador: 74
hola soy 22997, vuelta: 74, contador: 75
hola soy 22997, vuelta: 75, contador: 76
hola soy 22997, vuelta: 76, contador: 77
hola soy 22997, vuelta: 77, contador: 78
hola soy 22997, vuelta: 78, contador: 79
hola soy 22997, vuelta: 79, contador: 80
hola soy 22997, vuelta: 80, contador: 81
hola soy 22997, vuelta: 81, contador: 82
hola soy 22997, vuelta: 82, contador: 83
hola soy 22997, vuelta: 83, contador: 84
hola soy 22997, vuelta: 84, contador: 85
hola soy 22997, vuelta: 85, contador: 86
hola soy 22997, vuelta: 86, contador: 87
hola soy 22997, vuelta: 87, contador: 88
hola soy 22997, vuelta: 88, contador: 89
hola soy 22997, vuelta: 89, contador: 90
hola soy 22997, vuelta: 90, contador: 91
hola soy 22997, vuelta: 91, contador: 92
hola soy 22997, vuelta: 92, contador: 93
hola soy 22997, vuelta: 93, contador: 94
hola soy 22997, vuelta: 94, contador: 95
hola soy 22997, vuelta: 95, contador: 96
hola soy 22997, vuelta: 96, contador: 97
hola soy 22997, vuelta: 97, contador: 98
hola soy 22997, vuelta: 98, contador: 99
hola soy 22997, vuelta: 99, contador: 100
hola soy 22998, vuelta: 0, contador: 101
hola soy 22998, vuelta: 1, contador: 102
hola soy 22998, vuelta: 2, contador: 103
hola soy 22998, vuelta: 3, contador: 104
hola soy 22998, vuelta: 4, contador: 105
hola soy 22998, vuelta: 5, contador: 106
hola soy 22998, vuelta: 6, contador: 107
hola soy 22998, vuelta: 7, contador: 108
hola soy 22998, vuelta: 8, contador: 109
hola soy 22998, vuelta: 9, contador: 110
hola soy 22998, vuelta: 10, contador: 111
hola soy 22998, vuelta: 11, contador: 112
hola soy 22998, vuelta: 12, contador: 113
hola soy 22998, vuelta: 13, contador: 114
hola soy 22998, vuelta: 14, contador: 115
hola soy 22998, vuelta: 15, contador: 116
hola soy 22998, vuelta: 16, contador: 117
hola soy 22998, vuelta: 17, contador: 118
hola soy 22998, vuelta: 18, contador: 119
hola soy 22998, vuelta: 19, contador: 120
hola soy 22998, vuelta: 20, contador: 121
hola soy 22998, vuelta: 21, contador: 122
hola soy 22998, vuelta: 22, contador: 123
hola soy 22998, vuelta: 23, contador: 124
hola soy 22998, vuelta: 24, contador: 125
hola soy 22998, vuelta: 25, contador: 126
hola soy 22998, vuelta: 26, contador: 127
hola soy 22998, vuelta: 27, contador: 128
hola soy 22998, vuelta: 28, contador: 129
hola soy 22998, vuelta: 29, contador: 130
hola soy 22998, vuelta: 30, contador: 131
hola soy 22998, vuelta: 31, contador: 132
hola soy 22998, vuelta: 32, contador: 133
hola soy 22998, vuelta: 33, contador: 134
hola soy 22998, vuelta: 34, contador: 135
hola soy 22998, vuelta: 35, contador: 136
hola soy 22998, vuelta: 36, contador: 137
hola soy 22998, vuelta: 37, contador: 138
hola soy 22998, vuelta: 38, contador: 139
hola soy 22998, vuelta: 39, contador: 140
hola soy 22998, vuelta: 40, contador: 141
hola soy 22998, vuelta: 41, contador: 142
hola soy 22998, vuelta: 42, contador: 143
hola soy 22998, vuelta: 43, contador: 144
hola soy 22998, vuelta: 44, contador: 145
hola soy 22998, vuelta: 45, contador: 146
hola soy 22998, vuelta: 46, contador: 147
hola soy 22998, vuelta: 47, contador: 148
hola soy 22998, vuelta: 48, contador: 149
hola soy 22998, vuelta: 49, contador: 150
hola soy 22998, vuelta: 50, contador: 151
hola soy 22998, vuelta: 51, contador: 152
hola soy 22998, vuelta: 52, contador: 153
hola soy 22998, vuelta: 53, contador: 154
hola soy 22998, vuelta: 54, contador: 155
hola soy 22998, vuelta: 55, contador: 156
hola soy 22998, vuelta: 56, contador: 157
hola soy 22998, vuelta: 57, contador: 158
hola soy 22998, vuelta: 58, contador: 159
hola soy 22998, vuelta: 59, contador: 160
hola soy 22998, vuelta: 60, contador: 161
hola soy 22998, vuelta: 61, contador: 162
hola soy 22998, vuelta: 62, contador: 163
hola soy 22998, vuelta: 63, contador: 164
hola soy 22998, vuelta: 64, contador: 165
hola soy 22998, vuelta: 65, contador: 166
hola soy 22998, vuelta: 66, contador: 167
hola soy 22998, vuelta: 67, contador: 168
hola soy 22998, vuelta: 68, contador: 169
hola soy 22998, vuelta: 69, contador: 170
hola soy 22998, vuelta: 70, contador: 171
hola soy 22998, vuelta: 71, contador: 172
hola soy 22998, vuelta: 72, contador: 173
hola soy 22998, vuelta: 73, contador: 174
hola soy 22998, vuelta: 74, contador: 175
hola soy 22998, vuelta: 75, contador: 176
hola soy 22998, vuelta: 76, contador: 177
hola soy 22998, vuelta: 77, contador: 178
hola soy 22998, vuelta: 78, contador: 179
hola soy 22998, vuelta: 79, contador: 180
hola soy 22998, vuelta: 80, contador: 181
hola soy 22998, vuelta: 81, contador: 182
hola soy 22998, vuelta: 82, contador: 183
hola soy 22998, vuelta: 83, contador: 184
hola soy 22998, vuelta: 84, contador: 185
hola soy 22998, vuelta: 85, contador: 186
hola soy 22998, vuelta: 86, contador: 187
hola soy 22998, vuelta: 87, contador: 188
hola soy 22998, vuelta: 88, contador: 189
hola soy 22998, vuelta: 89, contador: 190
hola soy 22998, vuelta: 90, contador: 191
hola soy 22998, vuelta: 91, contador: 192
hola soy 22998, vuelta: 92, contador: 193
hola soy 22998, vuelta: 93, contador: 194
hola soy 22998, vuelta: 94, contador: 195
hola soy 22998, vuelta: 95, contador: 196
hola soy 22998, vuelta: 96, contador: 197
hola soy 22998, vuelta: 97, contador: 198
hola soy 22998, vuelta: 98, contador: 199
hola soy 22998, vuelta: 99, contador: 200
hola soy 23002, vuelta: 0, contador: 201
hola soy 23002, vuelta: 1, contador: 202
hola soy 23002, vuelta: 2, contador: 203
hola soy 23002, vuelta: 3, contador: 204
hola soy 23002, vuelta: 4, contador: 205
hola soy 23002, vuelta: 5, contador: 206
hola soy 23002, vuelta: 6, contador: 207
hola soy 23002, vuelta: 7, contador: 208
hola soy 23002, vuelta: 8, contador: 209
hola soy 23002, vuelta: 9, contador: 210
hola soy 23002, vuelta: 10, contador: 211
hola soy 23002, vuelta: 11, contador: 212
hola soy 23002, vuelta: 12, contador: 213
hola soy 23002, vuelta: 13, contador: 214
hola soy 23002, vuelta: 14, contador: 215
hola soy 23002, vuelta: 15, contador: 216
hola soy 23002, vuelta: 16, contador: 217
hola soy 23002, vuelta: 17, contador: 218
hola soy 23002, vuelta: 18, contador: 219
hola soy 23002, vuelta: 19, contador: 220
hola soy 23002, vuelta: 20, contador: 221
hola soy 23002, vuelta: 21, contador: 222
hola soy 23002, vuelta: 22, contador: 223
hola soy 23002, vuelta: 23, contador: 224
hola soy 23002, vuelta: 24, contador: 225
hola soy 23002, vuelta: 25, contador: 226
hola soy 23002, vuelta: 26, contador: 227
hola soy 23002, vuelta: 27, contador: 228
hola soy 23002, vuelta: 28, contador: 229
hola soy 23002, vuelta: 29, contador: 230
hola soy 23002, vuelta: 30, contador: 231
hola soy 23002, vuelta: 31, contador: 232
hola soy 23002, vuelta: 32, contador: 233
hola soy 23002, vuelta: 33, contador: 234
hola soy 23002, vuelta: 34, contador: 235
hola soy 23002, vuelta: 35, contador: 236
hola soy 23002, vuelta: 36, contador: 237
hola soy 23002, vuelta: 37, contador: 238
hola soy 23002, vuelta: 38, contador: 239
hola soy 23002, vuelta: 39, contador: 240
hola soy 23002, vuelta: 40, contador: 241
hola soy 23002, vuelta: 41, contador: 242
hola soy 23002, vuelta: 42, contador: 243
hola soy 23002, vuelta: 43, contador: 244
hola soy 23002, vuelta: 44, contador: 245
hola soy 23002, vuelta: 45, contador: 246
hola soy 23002, vuelta: 46, contador: 247
hola soy 23002, vuelta: 47, contador: 248
hola soy 23002, vuelta: 48, contador: 249
hola soy 23002, vuelta: 49, contador: 250
hola soy 23002, vuelta: 50, contador: 251
hola soy 23002, vuelta: 51, contador: 252
hola soy 23002, vuelta: 52, contador: 253
hola soy 23002, vuelta: 53, contador: 254
hola soy 23002, vuelta: 54, contador: 255
hola soy 23002, vuelta: 55, contador: 256
hola soy 23002, vuelta: 56, contador: 257
hola soy 23002, vuelta: 57, contador: 258
hola soy 23002, vuelta: 58, contador: 259
hola soy 23002, vuelta: 59, contador: 260
hola soy 23002, vuelta: 60, contador: 261
hola soy 23002, vuelta: 61, contador: 262
hola soy 23002, vuelta: 62, contador: 263
hola soy 23002, vuelta: 63, contador: 264
hola soy 23002, vuelta: 64, contador: 265
hola soy 23002, vuelta: 65, contador: 266
hola soy 23002, vuelta: 66, contador: 267
hola soy 23002, vuelta: 67, contador: 268
hola soy 23002, vuelta: 68, contador: 269
hola soy 23002, vuelta: 69, contador: 270
hola soy 23002, vuelta: 70, contador: 271
hola soy 23002, vuelta: 71, contador: 272
hola soy 23002, vuelta: 72, contador: 273
hola soy 23002, vuelta: 73, contador: 274
hola soy 23002, vuelta: 74, contador: 275
hola soy 23002, vuelta: 75, contador: 276
hola soy 23002, vuelta: 76, contador: 277
hola soy 23002, vuelta: 77, contador: 278
hola soy 23002, vuelta: 78, contador: 279
hola soy 23002, vuelta: 79, contador: 280
hola soy 23002, vuelta: 80, contador: 281
hola soy 23002, vuelta: 81, contador: 282
hola soy 23002, vuelta: 82, contador: 283
hola soy 23002, vuelta: 83, contador: 284
hola soy 23002, vuelta: 84, contador: 285
hola soy 23002, vuelta: 85, contador: 286
hola soy 23002, vuelta: 86, contador: 287
hola soy 23002, vuelta: 87, contador: 288
hola soy 23002, vuelta: 88, contador: 289
hola soy 23002, vuelta: 89, contador: 290
hola soy 23002, vuelta: 90, contador: 291
hola soy 23002, vuelta: 91, contador: 292
hola soy 23002, vuelta: 92, contador: 293
hola soy 23002, vuelta: 93, contador: 294
hola soy 23002, vuelta: 94, contador: 295
hola soy 23002, vuelta: 95, contador: 296
hola soy 23002, vuelta: 96, contador: 297
hola soy 23002, vuelta: 97, contador: 298
hola soy 23002, vuelta: 98, contador: 299
hola soy 23002, vuelta: 99, contador: 300
hola soy 22996, vuelta: 0, contador: 301
hola soy 22996, vuelta: 1, contador: 302
hola soy 22996, vuelta: 2, contador: 303
hola soy 22996, vuelta: 3, contador: 304
hola soy 22996, vuelta: 4, contador: 305
hola soy 22996, vuelta: 5, contador: 306
hola soy 22996, vuelta: 6, contador: 307
hola soy 22996, vuelta: 7, contador: 308
hola soy 22996, vuelta: 8, contador: 309
hola soy 22996, vuelta: 9, contador: 310
hola soy 22996, vuelta: 10, contador: 311
hola soy 22996, vuelta: 11, contador: 312
hola soy 22996, vuelta: 12, contador: 313
hola soy 22996, vuelta: 13, contador: 314
hola soy 22996, vuelta: 14, contador: 315
hola soy 22996, vuelta: 15, contador: 316
hola soy 22996, vuelta: 16, contador: 317
hola soy 22996, vuelta: 17, contador: 318
hola soy 22996, vuelta: 18, contador: 319
hola soy 22996, vuelta: 19, contador: 320
hola soy 22996, vuelta: 20, contador: 321
hola soy 22996, vuelta: 21, contador: 322
hola soy 22996, vuelta: 22, contador: 323
hola soy 22996, vuelta: 23, contador: 324
hola soy 22996, vuelta: 24, contador: 325
hola soy 22996, vuelta: 25, contador: 326
hola soy 22996, vuelta: 26, contador: 327
hola soy 22996, vuelta: 27, contador: 328
hola soy 22996, vuelta: 28, contador: 329
hola soy 22996, vuelta: 29, contador: 330
hola soy 22996, vuelta: 30, contador: 331
hola soy 22996, vuelta: 31, contador: 332
hola soy 22996, vuelta: 32, contador: 333
hola soy 22996, vuelta: 33, contador: 334
hola soy 22996, vuelta: 34, contador: 335
hola soy 22996, vuelta: 35, contador: 336
hola soy 22996, vuelta: 36, contador: 337
hola soy 22996, vuelta: 37, contador: 338
hola soy 22996, vuelta: 38, contador: 339
hola soy 22996, vuelta: 39, contador: 340
hola soy 22996, vuelta: 40, contador: 341
hola soy 22996, vuelta: 41, contador: 342
hola soy 22996, vuelta: 42, contador: 343
hola soy 22996, vuelta: 43, contador: 344
hola soy 22996, vuelta: 44, contador: 345
hola soy 22996, vuelta: 45, contador: 346
hola soy 22996, vuelta: 46, contador: 347
hola soy 22996, vuelta: 47, contador: 348
hola soy 22996, vuelta: 48, contador: 349
hola soy 22996, vuelta: 49, contador: 350
hola soy 22996, vuelta: 50, contador: 351
hola soy 22996, vuelta: 51, contador: 352
hola soy 22996, vuelta: 52, contador: 353
hola soy 22996, vuelta: 53, contador: 354
hola soy 22996, vuelta: 54, contador: 355
hola soy 22996, vuelta: 55, contador: 356
hola soy 22996, vuelta: 56, contador: 357
hola soy 22996, vuelta: 57, contador: 358
hola soy 22996, vuelta: 58, contador: 359
hola soy 22996, vuelta: 59, contador: 360
hola soy 22996, vuelta: 60, contador: 361
hola soy 22996, vuelta: 61, contador: 362
hola soy 22996, vuelta: 62, contador: 363
hola soy 22996, vuelta: 63, contador: 364
hola soy 22996, vuelta: 64, contador: 365
hola soy 22996, vuelta: 65, contador: 366
hola soy 22996, vuelta: 66, contador: 367
hola soy 22996, vuelta: 67, contador: 368
hola soy 22996, vuelta: 68, contador: 369
hola soy 22996, vuelta: 69, contador: 370
hola soy 22996, vuelta: 70, contador: 371
hola soy 22996, vuelta: 71, contador: 372
hola soy 22996, vuelta: 72, contador: 373
hola soy 22996, vuelta: 73, contador: 374
hola soy 22996, vuelta: 74, contador: 375
hola soy 22996, vuelta: 75, contador: 376
hola soy 22996, vuelta: 76, contador: 377
hola soy 22996, vuelta: 77, contador: 378
hola soy 22996, vuelta: 78, contador: 379
hola soy 22996, vuelta: 79, contador: 380
hola soy 22996, vuelta: 80, contador: 381
hola soy 22996, vuelta: 81, contador: 382
hola soy 22996, vuelta: 82, contador: 383
hola soy 22996, vuelta: 83, contador: 384
hola soy 22996, vuelta: 84, contador: 385
hola soy 22996, vuelta: 85, contador: 386
hola soy 22996, vuelta: 86, contador: 387
hola soy 22996, vuelta: 87, contador: 388
hola soy 22996, vuelta: 88, contador: 389
hola soy 22996, vuelta: 89, contador: 390
hola soy 22996, vuelta: 90, contador: 391
hola soy 22996, vuelta: 91, contador: 392
hola soy 22996, vuelta: 92, contador: 393
hola soy 22996, vuelta: 93, contador: 394
hola soy 22996, vuelta: 94, contador: 395
hola soy 22996, vuelta: 95, contador: 396
hola soy 22996, vuelta: 96, contador: 397
hola soy 22996, vuelta: 97, contador: 398
hola soy 22996, vuelta: 98, contador: 399
hola soy 22996, vuelta: 99, contador: 400
hola soy 22999, vuelta: 0, contador: 401
hola soy 22999, vuelta: 1, contador: 402
hola soy 22999, vuelta: 2, contador: 403
hola soy 22999, vuelta: 3, contador: 404
hola soy 22999, vuelta: 4, contador: 405
hola soy 22999, vuelta: 5, contador: 406
hola soy 22999, vuelta: 6, contador: 407
hola soy 22999, vuelta: 7, contador: 408
hola soy 22999, vuelta: 8, contador: 409
hola soy 22999, vuelta: 9, contador: 410
hola soy 22999, vuelta: 10, contador: 411
hola soy 22999, vuelta: 11, contador: 412
hola soy 22999, vuelta: 12, contador: 413
hola soy 22999, vuelta: 13, contador: 414
hola soy 22999, vuelta: 14, contador: 415
hola soy 22999, vuelta: 15, contador: 416
hola soy 22999, vuelta: 16, contador: 417
hola soy 22999, vuelta: 17, contador: 418
hola soy 22999, vuelta: 18, contador: 419
hola soy 22999, vuelta: 19, contador: 420
hola soy 22999, vuelta: 20, contador: 421
hola soy 22999, vuelta: 21, contador: 422
hola soy 22999, vuelta: 22, contador: 423
hola soy 22999, vuelta: 23, contador: 424
hola soy 22999, vuelta: 24, contador: 425
hola soy 22999, vuelta: 25, contador: 426
hola soy 22999, vuelta: 26, contador: 427
hola soy 22999, vuelta: 27, contador: 428
hola soy 22999, vuelta: 28, contador: 429
hola soy 22999, vuelta: 29, contador: 430
hola soy 22999, vuelta: 30, contador: 431
hola soy 22999, vuelta: 31, contador: 432
hola soy 22999, vuelta: 32, contador: 433
hola soy 22999, vuelta: 33, contador: 434
hola soy 22999, vuelta: 34, contador: 435
hola soy 22999, vuelta: 35, contador: 436
hola soy 22999, vuelta: 36, contador: 437
hola soy 22999, vuelta: 37, contador: 438
hola soy 22999, vuelta: 38, contador: 439
hola soy 22999, vuelta: 39, contador: 440
hola soy 22999, vuelta: 40, contador: 441
hola soy 22999, vuelta: 41, contador: 442
hola soy 22999, vuelta: 42, contador: 443
hola soy 22999, vuelta: 43, contador: 444
hola soy 22999, vuelta: 44, contador: 445
hola soy 22999, vuelta: 45, contador: 446
hola soy 22999, vuelta: 46, contador: 447
hola soy 22999, vuelta: 47, contador: 448
hola soy 22999, vuelta: 48, contador: 449
hola soy 22999, vuelta: 49, contador: 450
hola soy 22999, vuelta: 50, contador: 451
hola soy 22999, vuelta: 51, contador: 452
hola soy 22999, vuelta: 52, contador: 453
hola soy 22999, vuelta: 53, contador: 454
hola soy 22999, vuelta: 54, contador: 455
hola soy 22999, vuelta: 55, contador: 456
hola soy 22999, vuelta: 56, contador: 457
hola soy 22999, vuelta: 57, contador: 458
hola soy 22999, vuelta: 58, contador: 459
hola soy 22999, vuelta: 59, contador: 460
hola soy 22999, vuelta: 60, contador: 461
hola soy 22999, vuelta: 61, contador: 462
hola soy 22999, vuelta: 62, contador: 463
hola soy 22999, vuelta: 63, contador: 464
hola soy 22999, vuelta: 64, contador: 465
hola soy 22999, vuelta: 65, contador: 466
hola soy 22999, vuelta: 66, contador: 467
hola soy 22999, vuelta: 67, contador: 468
hola soy 22999, vuelta: 68, contador: 469
hola soy 22999, vuelta: 69, contador: 470
hola soy 22999, vuelta: 70, contador: 471
hola soy 22999, vuelta: 71, contador: 472
hola soy 22999, vuelta: 72, contador: 473
hola soy 22999, vuelta: 73, contador: 474
hola soy 22999, vuelta: 74, contador: 475
hola soy 22999, vuelta: 75, contador: 476
hola soy 22999, vuelta: 76, contador: 477
hola soy 22999, vuelta: 77, contador: 478
hola soy 22999, vuelta: 78, contador: 479
hola soy 22999, vuelta: 79, contador: 480
hola soy 22999, vuelta: 80, contador: 481
hola soy 22999, vuelta: 81, contador: 482
hola soy 22999, vuelta: 82, contador: 483
hola soy 22999, vuelta: 83, contador: 484
hola soy 22999, vuelta: 84, contador: 485
hola soy 22999, vuelta: 85, contador: 486
hola soy 22999, vuelta: 86, contador: 487
hola soy 22999, vuelta: 87, contador: 488
hola soy 22999, vuelta: 88, contador: 489
hola soy 22999, vuelta: 89, contador: 490
hola soy 22999, vuelta: 90, contador: 491
hola soy 22999, vuelta: 91, contador: 492
hola soy 22999, vuelta: 92, contador: 493
hola soy 22999, vuelta: 93, contador: 494
hola soy 22999, vuelta: 94, contador: 495
hola soy 22999, vuelta: 95, contador: 496
hola soy 22999, vuelta: 96, contador: 497
hola soy 22999, vuelta: 97, contador: 498
hola soy 22999, vuelta: 98, contador: 499
hola soy 22999, vuelta: 99, contador: 500
hola soy 23003, vuelta: 0, contador: 501
hola soy 23003, vuelta: 1, contador: 502
hola soy 23003, vuelta: 2, contador: 503
hola soy 23003, vuelta: 3, contador: 504
hola soy 23003, vuelta: 4, contador: 505
hola soy 23003, vuelta: 5, contador: 506
hola soy 23003, vuelta: 6, contador: 507
hola soy 23003, vuelta: 7, contador: 508
hola soy 23003, vuelta: 8, contador: 509
hola soy 23003, vuelta: 9, contador: 510
hola soy 23003, vuelta: 10, contador: 511
hola soy 23003, vuelta: 11, contador: 512
hola soy 23003, vuelta: 12, contador: 513
hola soy 23003, vuelta: 13, contador: 514
hola soy 23003, vuelta: 14, contador: 515
hola soy 23003, vuelta: 15, contador: 516
hola soy 23003, vuelta: 16, contador: 517
hola soy 23003, vuelta: 17, contador: 518
hola soy 23003, vuelta: 18, contador: 519
hola soy 23003, vuelta: 19, contador: 520
hola soy 23003, vuelta: 20, contador: 521
hola soy 23003, vuelta: 21, contador: 522
hola soy 23003, vuelta: 22, contador: 523
hola soy 23003, vuelta: 23, contador: 524
hola soy 23003, vuelta: 24, contador: 525
hola soy 23003, vuelta: 25, contador: 526
hola soy 23003, vuelta: 26, contador: 527
hola soy 23003, vuelta: 27, contador: 528
hola soy 23003, vuelta: 28, contador: 529
hola soy 23003, vuelta: 29, contador: 530
hola soy 23003, vuelta: 30, contador: 531
hola soy 23003, vuelta: 31, contador: 532
hola soy 23003, vuelta: 32, contador: 533
hola soy 23003, vuelta: 33, contador: 534
hola soy 23003, vuelta: 34, contador: 535
hola soy 23003, vuelta: 35, contador: 536
hola soy 23003, vuelta: 36, contador: 537
hola soy 23003, vuelta: 37, contador: 538
hola soy 23003, vuelta: 38, contador: 539
hola soy 23003, vuelta: 39, contador: 540
hola soy 23003, vuelta: 40, contador: 541
hola soy 23003, vuelta: 41, contador: 542
hola soy 23003, vuelta: 42, contador: 543
hola soy 23003, vuelta: 43, contador: 544
hola soy 23003, vuelta: 44, contador: 545
hola soy 23003, vuelta: 45, contador: 546
hola soy 23003, vuelta: 46, contador: 547
hola soy 23003, vuelta: 47, contador: 548
hola soy 23003, vuelta: 48, contador: 549
hola soy 23003, vuelta: 49, contador: 550
hola soy 23003, vuelta: 50, contador: 551
hola soy 23003, vuelta: 51, contador: 552
hola soy 23003, vuelta: 52, contador: 553
hola soy 23003, vuelta: 53, contador: 554
hola soy 23003, vuelta: 54, contador: 555
hola soy 23003, vuelta: 55, contador: 556
hola soy 23003, vuelta: 56, contador: 557
hola soy 23003, vuelta: 57, contador: 558
hola soy 23003, vuelta: 58, contador: 559
hola soy 23003, vuelta: 59, contador: 560
hola soy 23003, vuelta: 60, contador: 561
hola soy 23003, vuelta: 61, contador: 562
hola soy 23003, vuelta: 62, contador: 563
hola soy 23003, vuelta: 63, contador: 564
hola soy 23003, vuelta: 64, contador: 565
hola soy 23003, vuelta: 65, contador: 566
hola soy 23003, vuelta: 66, contador: 567
hola soy 23003, vuelta: 67, contador: 568
hola soy 23003, vuelta: 68, contador: 569
hola soy 23003, vuelta: 69, contador: 570
hola soy 23003, vuelta: 70, contador: 571
hola soy 23003, vuelta: 71, contador: 572
hola soy 23003, vuelta: 72, contador: 573
hola soy 23003, vuelta: 73, contador: 574
hola soy 23003, vuelta: 74, contador: 575
hola soy 23003, vuelta: 75, contador: 576
hola soy 23003, vuelta: 76, contador: 577
hola soy 23003, vuelta: 77, contador: 578
hola soy 23003, vuelta: 78, contador: 579
hola soy 23003, vuelta: 79, contador: 580
hola soy 23003, vuelta: 80, contador: 581
hola soy 23003, vuelta: 81, contador: 582
hola soy 23003, vuelta: 82, contador: 583
hola soy 23003, vuelta: 83, contador: 584
hola soy 23003, vuelta: 84, contador: 585
hola soy 23003, vuelta: 85, contador: 586
hola soy 23003, vuelta: 86, contador: 587
hola soy 23003, vuelta: 87, contador: 588
hola soy 23003, vuelta: 88, contador: 589
hola soy 23003, vuelta: 89, contador: 590
hola soy 23003, vuelta: 90, contador: 591
hola soy 23003, vuelta: 91, contador: 592
hola soy 23003, vuelta: 92, contador: 593
hola soy 23003, vuelta: 93, contador: 594
hola soy 23003, vuelta: 94, contador: 595
hola soy 23003, vuelta: 95, contador: 596
hola soy 23003, vuelta: 96, contador: 597
hola soy 23003, vuelta: 97, contador: 598
hola soy 23003, vuelta: 98, contador: 599
hola soy 23003, vuelta: 99, contador: 600
hola soy 23000, vuelta: 0, contador: 601
hola soy 23000, vuelta: 1, contador: 602
hola soy 23000, vuelta: 2, contador: 603
hola soy 23000, vuelta: 3, contador: 604
hola soy 23000, vuelta: 4, contador: 605
hola soy 23000, vuelta: 5, contador: 606
hola soy 23000, vuelta: 6, contador: 607
hola soy 23000, vuelta: 7, contador: 608
hola soy 23000, vuelta: 8, contador: 609
hola soy 23000, vuelta: 9, contador: 610
hola soy 23000, vuelta: 10, contador: 611
hola soy 23000, vuelta: 11, contador: 612
hola soy 23000, vuelta: 12, contador: 613
hola soy 23000, vuelta: 13, contador: 614
hola soy 23000, vuelta: 14, contador: 615
hola soy 23000, vuelta: 15, contador: 616
hola soy 23000, vuelta: 16, contador: 617
hola soy 23000, vuelta: 17, contador: 618
hola soy 23000, vuelta: 18, contador: 619
hola soy 23000, vuelta: 19, contador: 620
hola soy 23000, vuelta: 20, contador: 621
hola soy 23000, vuelta: 21, contador: 622
hola soy 23000, vuelta: 22, contador: 623
hola soy 23000, vuelta: 23, contador: 624
hola soy 23000, vuelta: 24, contador: 625
hola soy 23000, vuelta: 25, contador: 626
hola soy 23000, vuelta: 26, contador: 627
hola soy 23000, vuelta: 27, contador: 628
hola soy 23000, vuelta: 28, contador: 629
hola soy 23000, vuelta: 29, contador: 630
hola soy 23000, vuelta: 30, contador: 631
hola soy 23000, vuelta: 31, contador: 632
hola soy 23000, vuelta: 32, contador: 633
hola soy 23000, vuelta: 33, contador: 634
hola soy 23000, vuelta: 34, contador: 635
hola soy 23000, vuelta: 35, contador: 636
hola soy 23000, vuelta: 36, contador: 637
hola soy 23000, vuelta: 37, contador: 638
hola soy 23000, vuelta: 38, contador: 639
hola soy 23000, vuelta: 39, contador: 640
hola soy 23000, vuelta: 40, contador: 641
hola soy 23000, vuelta: 41, contador: 642
hola soy 23000, vuelta: 42, contador: 643
hola soy 23000, vuelta: 43, contador: 644
hola soy 23000, vuelta: 44, contador: 645
hola soy 23000, vuelta: 45, contador: 646
hola soy 23000, vuelta: 46, contador: 647
hola soy 23000, vuelta: 47, contador: 648
hola soy 23000, vuelta: 48, contador: 649
hola soy 23000, vuelta: 49, contador: 650
hola soy 23000, vuelta: 50, contador: 651
hola soy 23000, vuelta: 51, contador: 652
hola soy 23000, vuelta: 52, contador: 653
hola soy 23000, vuelta: 53, contador: 654
hola soy 23000, vuelta: 54, contador: 655
hola soy 23000, vuelta: 55, contador: 656
hola soy 23000, vuelta: 56, contador: 657
hola soy 23000, vuelta: 57, contador: 658
hola soy 23000, vuelta: 58, contador: 659
hola soy 23000, vuelta: 59, contador: 660
hola soy 23000, vuelta: 60, contador: 661
hola soy 23000, vuelta: 61, contador: 662
hola soy 23000, vuelta: 62, contador: 663
hola soy 23000, vuelta: 63, contador: 664
hola soy 23000, vuelta: 64, contador: 665
hola soy 23000, vuelta: 65, contador: 666
hola soy 23000, vuelta: 66, contador: 667
hola soy 23000, vuelta: 67, contador: 668
hola soy 23000, vuelta: 68, contador: 669
hola soy 23000, vuelta: 69, contador: 670
hola soy 23000, vuelta: 70, contador: 671
hola soy 23000, vuelta: 71, contador: 672
hola soy 23000, vuelta: 72, contador: 673
hola soy 23000, vuelta: 73, contador: 674
hola soy 23000, vuelta: 74, contador: 675
hola soy 23000, vuelta: 75, contador: 676
hola soy 23000, vuelta: 76, contador: 677
hola soy 23000, vuelta: 77, contador: 678
hola soy 23000, vuelta: 78, contador: 679
hola soy 23000, vuelta: 79, contador: 680
hola soy 23000, vuelta: 80, contador: 681
hola soy 23000, vuelta: 81, contador: 682
hola soy 23000, vuelta: 82, contador: 683
hola soy 23000, vuelta: 83, contador: 684
hola soy 23000, vuelta: 84, contador: 685
hola soy 23000, vuelta: 85, contador: 686
hola soy 23000, vuelta: 86, contador: 687
hola soy 23000, vuelta: 87, contador: 688
hola soy 23000, vuelta: 88, contador: 689
hola soy 23000, vuelta: 89, contador: 690
hola soy 23000, vuelta: 90, contador: 691
hola soy 23000, vuelta: 91, contador: 692
hola soy 23000, vuelta: 92, contador: 693
hola soy 23000, vuelta: 93, contador: 694
hola soy 23000, vuelta: 94, contador: 695
hola soy 23000, vuelta: 95, contador: 696
hola soy 23000, vuelta: 96, contador: 697
hola soy 23000, vuelta: 97, contador: 698
hola soy 23000, vuelta: 98, contador: 699
hola soy 23000, vuelta: 99, contador: 700
hola soy 23001, vuelta: 0, contador: 701
hola soy 23001, vuelta: 1, contador: 702
hola soy 23001, vuelta: 2, contador: 703
hola soy 23001, vuelta: 3, contador: 704
hola soy 23001, vuelta: 4, contador: 705
hola soy 23001, vuelta: 5, contador: 706
hola soy 23001, vuelta: 6, contador: 707
hola soy 23001, vuelta: 7, contador: 708
hola soy 23001, vuelta: 8, contador: 709
hola soy 23001, vuelta: 9, contador: 710
hola soy 23001, vuelta: 10, contador: 711
hola soy 23001, vuelta: 11, contador: 712
hola soy 23001, vuelta: 12, contador: 713
hola soy 23001, vuelta: 13, contador: 714
hola soy 23001, vuelta: 14, contador: 715
hola soy 23001, vuelta: 15, contador: 716
hola soy 23001, vuelta: 16, contador: 717
hola soy 23001, vuelta: 17, contador: 718
hola soy 23001, vuelta: 18, contador: 719
hola soy 23001, vuelta: 19, contador: 720
hola soy 23001, vuelta: 20, contador: 721
hola soy 23001, vuelta: 21, contador: 722
hola soy 23001, vuelta: 22, contador: 723
hola soy 23001, vuelta: 23, contador: 724
hola soy 23001, vuelta: 24, contador: 725
hola soy 23001, vuelta: 25, contador: 726
hola soy 23001, vuelta: 26, contador: 727
hola soy 23001, vuelta: 27, contador: 728
hola soy 23001, vuelta: 28, contador: 729
hola soy 23001, vuelta: 29, contador: 730
hola soy 23001, vuelta: 30, contador: 731
hola soy 23001, vuelta: 31, contador: 732
hola soy 23001, vuelta: 32, contador: 733
hola soy 23001, vuelta: 33, contador: 734
hola soy 23001, vuelta: 34, contador: 735
hola soy 23001, vuelta: 35, contador: 736
hola soy 23001, vuelta: 36, contador: 737
hola soy 23001, vuelta: 37, contador: 738
hola soy 23001, vuelta: 38, contador: 739
hola soy 23001, vuelta: 39, contador: 740
hola soy 23001, vuelta: 40, contador: 741
hola soy 23001, vuelta: 41, contador: 742
hola soy 23001, vuelta: 42, contador: 743
hola soy 23001, vuelta: 43, contador: 744
hola soy 23001, vuelta: 44, contador: 745
hola soy 23001, vuelta: 45, contador: 746
hola soy 23001, vuelta: 46, contador: 747
hola soy 23001, vuelta: 47, contador: 748
hola soy 23001, vuelta: 48, contador: 749
hola soy 23001, vuelta: 49, contador: 750
hola soy 23001, vuelta: 50, contador: 751
hola soy 23001, vuelta: 51, contador: 752
hola soy 23001, vuelta: 52, contador: 753
hola soy 23001, vuelta: 53, contador: 754
hola soy 23001, vuelta: 54, contador: 755
hola soy 23001, vuelta: 55, contador: 756
hola soy 23001, vuelta: 56, contador: 757
hola soy 23001, vuelta: 57, contador: 758
hola soy 23001, vuelta: 58, contador: 759
hola soy 23001, vuelta: 59, contador: 760
hola soy 23001, vuelta: 60, contador: 761
hola soy 23001, vuelta: 61, contador: 762
hola soy 23001, vuelta: 62, contador: 763
hola soy 23001, vuelta: 63, contador: 764
hola soy 23001, vuelta: 64, contador: 765
hola soy 23001, vuelta: 65, contador: 766
hola soy 23001, vuelta: 66, contador: 767
hola soy 23001, vuelta: 67, contador: 768
hola soy 23001, vuelta: 68, contador: 769
hola soy 23001, vuelta: 69, contador: 770
hola soy 23001, vuelta: 70, contador: 771
hola soy 23001, vuelta: 71, contador: 772
hola soy 23001, vuelta: 72, contador: 773
hola soy 23001, vuelta: 73, contador: 774
hola soy 23001, vuelta: 74, contador: 775
hola soy 23001, vuelta: 75, contador: 776
hola soy 23001, vuelta: 76, contador: 777
hola soy 23001, vuelta: 77, contador: 778
hola soy 23001, vuelta: 78, contador: 779
hola soy 23001, vuelta: 79, contador: 780
hola soy 23001, vuelta: 80, contador: 781
hola soy 23001, vuelta: 81, contador: 782
hola soy 23001, vuelta: 82, contador: 783
hola soy 23001, vuelta: 83, contador: 784
hola soy 23001, vuelta: 84, contador: 785
hola soy 23001, vuelta: 85, contador: 786
hola soy 23001, vuelta: 86, contador: 787
hola soy 23001, vuelta: 87, contador: 788
hola soy 23001, vuelta: 88, contador: 789
hola soy 23001, vuelta: 89, contador: 790
hola soy 23001, vuelta: 90, contador: 791
hola soy 23001, vuelta: 91, contador: 792
hola soy 23001, vuelta: 92, contador: 793
hola soy 23001, vuelta: 93, contador: 794
hola soy 23001, vuelta: 94, contador: 795
hola soy 23001, vuelta: 95, contador: 796
hola soy 23001, vuelta: 96, contador: 797
hola soy 23001, vuelta: 97, contador: 798
hola soy 23001, vuelta: 98, contador: 799
hola soy 23001, vuelta: 99, contador: 800
adios
Valor final del contador 800
fin
bash-3.2$ python3 procesos5.py[C[C[C[C[C[C[C[C[C[Cgit add[C[C[C[C[C[C[C[C[C[C[C[C[C[C[C[C[C[C[C[C[C[C[Cpython3 procesos4.py[C[C[C[C[C[C[C[C[C[Cgit add[C[C[C[C[C[C[C[C[C[C[C[C[C[C[C[C[C[C[C[C[C[C[Cpython3[C[C[C[C[C[C[C[C[C[C[C[C[C[C[C[C[C[C[C[C[C[C[Cgit add[C[C[C[C[C[C[C[C[C[C[C[C[C[C[C[C[C[C[C[C[C[C[Cpython3 procesos3.py2.py4.py[C[C[C[C[C[C[C[C[C[Cgit add[C[C[C[C[C[C[C[C[C[C[C[C[C[C[C[C[C[C[C[C[C[C[C[C[C[C[Cpush [Kcommit -m "procesos3"[C[C[C[C[C[C[C[C[C[C[5Ppython3 procesos3.py[C[C[C[C[C[C[C[C[C[Cgit commit -m "procesos3"[1P"5"
[main 5eed94e] procesos5
 Committer: Carla San Jose <Lasjimenez@MacBook-Pro-de-Carla.local>
Your name and email address were configured automatically based
on your username and hostname. Please check that they are accurate.
You can suppress this message by setting them explicitly. Run the
following command and follow the instructions in your editor to edit
your configuration file:

    git config --global --edit

After doing this, you may fix the identity used for this commit with:

    git commit --amend --reset-author

 2 files changed, 64 insertions(+)
 create mode 100644 procesos4.py
 create mode 100644 procesos5.py
bash-3.2$ git commit -m "procesos5"[C[C[C[C[C[C[C[C[C[C[5Ppython3 procesos5.py[C[C[C[C[C[C[C[C[C[Cgit add[C[C[C[C[C[C[C[C[C[C[C[C[C[C[C[C[C[C[C[C[C[C[Cpython3 procesos4.py[C[C[C[C[C[C[C[C[C[Cgit add[C[C[C[C[C[C[C[C[C[C[C[C[C[C[C[C[C[C[C[C[C[C[Cpython3[C[C[C[C[C[C[C[C[C[C[C[C[C[C[C[C[C[C[C[C[C[C[Cgit add[C[C[C[C[C[C[C[C[C[C[C[C[C[C[C[C[C[C[C[C[C[C[Cpython3[C[C[C[C[C[C[C[C[C[C[C[C[C[C[C[C[C[C[C[C[C[C[Cgit add[C[C[C[C[C[C[C[C[C[C[C[C[C[C[C[C[C[C[C[C[C[C[Cpython3 procesos3.py2.py4.py[C[C[C[C[C[C[C[C[C[Cgit add[C[C[C[C[C[C[C[C[C[C[C[C[C[C[C[C[C[C[C[C[C[C[C[C[C[C[Cpush [K
Enter passphrase for key '/Users/Lasjimenez/.ssh/id_rsa': 
Enumerating objects: 5, done.
Counting objects:  20% (1/5)Counting objects:  40% (2/5)Counting objects:  60% (3/5)Counting objects:  80% (4/5)Counting objects: 100% (5/5)Counting objects: 100% (5/5), done.
Delta compression using up to 4 threads
Compressing objects:  25% (1/4)Compressing objects:  50% (2/4)Compressing objects:  75% (3/4)Compressing objects: 100% (4/4)Compressing objects: 100% (4/4), done.
Writing objects:  25% (1/4)Writing objects:  50% (2/4)Writing objects: 100% (4/4)Writing objects: 100% (4/4), 835 bytes | 835.00 KiB/s, done.
Total 4 (delta 2), reused 0 (delta 0)
remote: Resolving deltas:   0% (0/2)[Kremote: Resolving deltas:  50% (1/2)[Kremote: Resolving deltas: 100% (2/2)[Kremote: Resolving deltas: 100% (2/2), completed with 1 local object.[K
To github.com:carlasanjose/carlsanjose.git
   5d7b262..5eed94e  main -> main
bash-3.2$ pt[Kython[K[K[K[K[K[Kgit add procesos4.oy[K[Kpy
bash-3.2$ pt[Kython3 r[Kprc[Kocesos4.py
Valor inicial del contador 0
Traceback (most recent call last):
  File "<string>", line 1, in <module>
  File "/Library/Frameworks/Python.framework/Versions/3.9/lib/python3.9/multiprocessing/spawn.py", line 116, in spawn_main
    exitcode = _main(fd, parent_sentinel)
  File "/Library/Frameworks/Python.framework/Versions/3.9/lib/python3.9/multiprocessing/spawn.py", line 126, in _main
    self = reduction.pickle.load(from_parent)
  File "/Library/Frameworks/Python.framework/Versions/3.9/lib/python3.9/multiprocessing/synchronize.py", line 110, in __setstate__
    self._semlock = _multiprocessing.SemLock._rebuild(*state)
FileNotFoundError: [Errno 2] No such file or directory
Traceback (most recent call last):
  File "<string>", line 1, in <module>
  File "/Library/Frameworks/Python.framework/Versions/3.9/lib/python3.9/multiprocessing/spawn.py", line 116, in spawn_main
    exitcode = _main(fd, parent_sentinel)
  File "/Library/Frameworks/Python.framework/Versions/3.9/lib/python3.9/multiprocessing/spawn.py", line 126, in _main
    self = reduction.pickle.load(from_parent)
  File "/Library/Frameworks/Python.framework/Versions/3.9/lib/python3.9/multiprocessing/synchronize.py", line 110, in __setstate__
    self._semlock = _multiprocessing.SemLock._rebuild(*state)
FileNotFoundError: [Errno 2] No such file or directory
Traceback (most recent call last):
  File "<string>", line 1, in <module>
  File "/Library/Frameworks/Python.framework/Versions/3.9/lib/python3.9/multiprocessing/spawn.py", line 116, in spawn_main
    exitcode = _main(fd, parent_sentinel)
  File "/Library/Frameworks/Python.framework/Versions/3.9/lib/python3.9/multiprocessing/spawn.py", line 126, in _main
    self = reduction.pickle.load(from_parent)
  File "/Library/Frameworks/Python.framework/Versions/3.9/lib/python3.9/multiprocessing/synchronize.py", line 110, in __setstate__
    self._semlock = _multiprocessing.SemLock._rebuild(*state)
FileNotFoundError: [Errno 2] No such file or directory
Traceback (most recent call last):
  File "<string>", line 1, in <module>
  File "/Library/Frameworks/Python.framework/Versions/3.9/lib/python3.9/multiprocessing/spawn.py", line 116, in spawn_main
    exitcode = _main(fd, parent_sentinel)
  File "/Library/Frameworks/Python.framework/Versions/3.9/lib/python3.9/multiprocessing/spawn.py", line 126, in _main
    self = reduction.pickle.load(from_parent)
  File "/Library/Frameworks/Python.framework/Versions/3.9/lib/python3.9/multiprocessing/synchronize.py", line 110, in __setstate__
    self._semlock = _multiprocessing.SemLock._rebuild(*state)
FileNotFoundError: [Errno 2] No such file or directory
Traceback (most recent call last):
  File "<string>", line 1, in <module>
  File "/Library/Frameworks/Python.framework/Versions/3.9/lib/python3.9/multiprocessing/spawn.py", line 116, in spawn_main
    exitcode = _main(fd, parent_sentinel)
  File "/Library/Frameworks/Python.framework/Versions/3.9/lib/python3.9/multiprocessing/spawn.py", line 126, in _main
    self = reduction.pickle.load(from_parent)
  File "/Library/Frameworks/Python.framework/Versions/3.9/lib/python3.9/multiprocessing/synchronize.py", line 110, in __setstate__
    self._semlock = _multiprocessing.SemLock._rebuild(*state)
FileNotFoundError: [Errno 2] No such file or directory
Traceback (most recent call last):
  File "<string>", line 1, in <module>
  File "/Library/Frameworks/Python.framework/Versions/3.9/lib/python3.9/multiprocessing/spawn.py", line 116, in spawn_main
    exitcode = _main(fd, parent_sentinel)
  File "/Library/Frameworks/Python.framework/Versions/3.9/lib/python3.9/multiprocessing/spawn.py", line 126, in _main
    self = reduction.pickle.load(from_parent)
  File "/Library/Frameworks/Python.framework/Versions/3.9/lib/python3.9/multiprocessing/synchronize.py", line 110, in __setstate__
    self._semlock = _multiprocessing.SemLock._rebuild(*state)
FileNotFoundError: [Errno 2] No such file or directory
Traceback (most recent call last):
  File "<string>", line 1, in <module>
  File "/Library/Frameworks/Python.framework/Versions/3.9/lib/python3.9/multiprocessing/spawn.py", line 116, in spawn_main
    exitcode = _main(fd, parent_sentinel)
  File "/Library/Frameworks/Python.framework/Versions/3.9/lib/python3.9/multiprocessing/spawn.py", line 126, in _main
    self = reduction.pickle.load(from_parent)
  File "/Library/Frameworks/Python.framework/Versions/3.9/lib/python3.9/multiprocessing/synchronize.py", line 110, in __setstate__
    self._semlock = _multiprocessing.SemLock._rebuild(*state)
FileNotFoundError: [Errno 2] No such file or directory
Traceback (most recent call last):
  File "<string>", line 1, in <module>
  File "/Library/Frameworks/Python.framework/Versions/3.9/lib/python3.9/multiprocessing/spawn.py", line 116, in spawn_main
    exitcode = _main(fd, parent_sentinel)
  File "/Library/Frameworks/Python.framework/Versions/3.9/lib/python3.9/multiprocessing/spawn.py", line 126, in _main
    self = reduction.pickle.load(from_parent)
  File "/Library/Frameworks/Python.framework/Versions/3.9/lib/python3.9/multiprocessing/synchronize.py", line 110, in __setstate__
    self._semlock = _multiprocessing.SemLock._rebuild(*state)
FileNotFoundError: [Errno 2] No such file or directory
bash-3.2$ exit

Script done on Sun Feb  6 16:11:52 2022
